namespace java com.example.thrift
namespace python snake

/**
 * Two dimensional point.
 */
struct Point {
  1: required i32 x;
  2: required i32 y;

  /**
   * Info about the point
   */
  3: optional string comment;

  4: optional i32 tag;
}
